%!Adobe-FontList 1.11
%Locale:0x409

%BeginFont
Handler:DirectoryHandler
FontType:Invalid
OutlineFileName:\\192.168.1.8\wamp\www\niranjan\eps\Font\courier.php
FileModTime:1005464014
%EndFont

%BeginFont
Handler:DirectoryHandler
FontType:Invalid
OutlineFileName:\\192.168.1.8\wamp\www\niranjan\eps\Font\desktop.ini
FileModTime:1216528310
%EndFont

%BeginFont
Handler:DirectoryHandler
FontType:Invalid
OutlineFileName:\\192.168.1.8\wamp\www\niranjan\eps\Font\helvetica.php
FileModTime:1004638896
%EndFont

%BeginFont
Handler:DirectoryHandler
FontType:Invalid
OutlineFileName:\\192.168.1.8\wamp\www\niranjan\eps\Font\helveticab.php
FileModTime:1004639176
%EndFont

%BeginFont
Handler:DirectoryHandler
FontType:Invalid
OutlineFileName:\\192.168.1.8\wamp\www\niranjan\eps\Font\helveticabi.php
FileModTime:1004639358
%EndFont

%BeginFont
Handler:DirectoryHandler
FontType:Invalid
OutlineFileName:\\192.168.1.8\wamp\www\niranjan\eps\Font\helveticai.php
FileModTime:1004639262
%EndFont

%BeginFont
Handler:DirectoryHandler
FontType:Invalid
OutlineFileName:\\192.168.1.8\wamp\www\niranjan\eps\Font\symbol.php
FileModTime:1004789892
%EndFont

%BeginFont
Handler:DirectoryHandler
FontType:Invalid
OutlineFileName:\\192.168.1.8\wamp\www\niranjan\eps\Font\times.php
FileModTime:1004548294
%EndFont

%BeginFont
Handler:DirectoryHandler
FontType:Invalid
OutlineFileName:\\192.168.1.8\wamp\www\niranjan\eps\Font\timesb.php
FileModTime:1004638326
%EndFont

%BeginFont
Handler:DirectoryHandler
FontType:Invalid
OutlineFileName:\\192.168.1.8\wamp\www\niranjan\eps\Font\timesbi.php
FileModTime:1004638608
%EndFont

%BeginFont
Handler:DirectoryHandler
FontType:Invalid
OutlineFileName:\\192.168.1.8\wamp\www\niranjan\eps\Font\timesi.php
FileModTime:1004638564
%EndFont

%BeginFont
Handler:DirectoryHandler
FontType:Invalid
OutlineFileName:\\192.168.1.8\wamp\www\niranjan\eps\Font\zapfdingbats.php
FileModTime:1004864422
%EndFont

%BeginFont
Handler:DirectoryHandler
FontType:Invalid
OutlineFileName:\\192.168.1.8\wamp\www\niranjan\eps\Font\makefont\cp1250.map
FileModTime:1021115652
%EndFont

%BeginFont
Handler:DirectoryHandler
FontType:Invalid
OutlineFileName:\\192.168.1.8\wamp\www\niranjan\eps\Font\makefont\cp1251.map
FileModTime:1020070984
%EndFont

%BeginFont
Handler:DirectoryHandler
FontType:Invalid
OutlineFileName:\\192.168.1.8\wamp\www\niranjan\eps\Font\makefont\cp1252.map
FileModTime:1020070984
%EndFont

%BeginFont
Handler:DirectoryHandler
FontType:Invalid
OutlineFileName:\\192.168.1.8\wamp\www\niranjan\eps\Font\makefont\cp1253.map
FileModTime:1020588336
%EndFont

%BeginFont
Handler:DirectoryHandler
FontType:Invalid
OutlineFileName:\\192.168.1.8\wamp\www\niranjan\eps\Font\makefont\cp1254.map
FileModTime:1036170408
%EndFont

%BeginFont
Handler:DirectoryHandler
FontType:Invalid
OutlineFileName:\\192.168.1.8\wamp\www\niranjan\eps\Font\makefont\cp1255.map
FileModTime:1055681954
%EndFont

%BeginFont
Handler:DirectoryHandler
FontType:Invalid
OutlineFileName:\\192.168.1.8\wamp\www\niranjan\eps\Font\makefont\cp1257.map
FileModTime:1028108846
%EndFont

%BeginFont
Handler:DirectoryHandler
FontType:Invalid
OutlineFileName:\\192.168.1.8\wamp\www\niranjan\eps\Font\makefont\cp1258.map
FileModTime:1072804906
%EndFont

%BeginFont
Handler:DirectoryHandler
FontType:Invalid
OutlineFileName:\\192.168.1.8\wamp\www\niranjan\eps\Font\makefont\cp874.map
FileModTime:1045312444
%EndFont

%BeginFont
Handler:DirectoryHandler
FontType:Invalid
OutlineFileName:\\192.168.1.8\wamp\www\niranjan\eps\Font\makefont\iso-8859-1.map
FileModTime:1020837368
%EndFont

%BeginFont
Handler:DirectoryHandler
FontType:Invalid
OutlineFileName:\\192.168.1.8\wamp\www\niranjan\eps\Font\makefont\iso-8859-11.map
FileModTime:1045312354
%EndFont

%BeginFont
Handler:DirectoryHandler
FontType:Invalid
OutlineFileName:\\192.168.1.8\wamp\www\niranjan\eps\Font\makefont\iso-8859-15.map
FileModTime:1020837296
%EndFont

%BeginFont
Handler:DirectoryHandler
FontType:Invalid
OutlineFileName:\\192.168.1.8\wamp\www\niranjan\eps\Font\makefont\iso-8859-16.map
FileModTime:1020838780
%EndFont

%BeginFont
Handler:DirectoryHandler
FontType:Invalid
OutlineFileName:\\192.168.1.8\wamp\www\niranjan\eps\Font\makefont\iso-8859-2.map
FileModTime:1020837446
%EndFont

%BeginFont
Handler:DirectoryHandler
FontType:Invalid
OutlineFileName:\\192.168.1.8\wamp\www\niranjan\eps\Font\makefont\iso-8859-4.map
FileModTime:1028108550
%EndFont

%BeginFont
Handler:DirectoryHandler
FontType:Invalid
OutlineFileName:\\192.168.1.8\wamp\www\niranjan\eps\Font\makefont\iso-8859-5.map
FileModTime:1020845310
%EndFont

%BeginFont
Handler:DirectoryHandler
FontType:Invalid
OutlineFileName:\\192.168.1.8\wamp\www\niranjan\eps\Font\makefont\iso-8859-7.map
FileModTime:1020849282
%EndFont

%BeginFont
Handler:DirectoryHandler
FontType:Invalid
OutlineFileName:\\192.168.1.8\wamp\www\niranjan\eps\Font\makefont\iso-8859-9.map
FileModTime:1036240646
%EndFont

%BeginFont
Handler:DirectoryHandler
FontType:Invalid
OutlineFileName:\\192.168.1.8\wamp\www\niranjan\eps\Font\makefont\koi8-r.map
FileModTime:1020847952
%EndFont

%BeginFont
Handler:DirectoryHandler
FontType:Invalid
OutlineFileName:\\192.168.1.8\wamp\www\niranjan\eps\Font\makefont\koi8-u.map
FileModTime:1072617656
%EndFont

%BeginFont
Handler:DirectoryHandler
FontType:Invalid
OutlineFileName:\\192.168.1.8\wamp\www\niranjan\eps\Font\makefont\makefont.php
FileModTime:1217736622
%EndFont

